     1 00000000                                 [FORMAT "WCOFF"]
     2 00000000                                 [INSTRSET "i486p"]
     3 00000000                                 [OPTIMIZE 1]
     4 00000000                                 [OPTION 1]
     5 00000000                                 [BITS 32]
     6 00000000                                 	EXTERN	_s.0
     7 00000000                                 	EXTERN	_api_putstr0
     8 00000000                                 	EXTERN	_api_end
     9 00000000                                 [FILE "lzm.c"]
    10                                          [SECTION .data]
    11 00000000                                 _s.0:
    12 00000000 43 53 32 30 31 20 82 E8 82 E5   	DB	"CS201 ",0x82,0xE8,0x82,0xE5,0x82,0xA4,0x82,0xB5,0x82,0xE5,0x82,0xA4,0x82,0xDF,0x82,0xA2,0x0A,0x00
       0000000A 82 A4 82 B5 82 E5 82 A4 82 DF 
       00000014 82 A2 0A 00 
    13                                          [SECTION .text]
    14 00000000                                 	GLOBAL	_HariMain
    15 00000000                                 _HariMain:
    16 00000000 55                              	PUSH	EBP
    17 00000001 89 E5                           	MOV	EBP,ESP
    18 00000003 68 [00000000]                   	PUSH	_s.0
    19 00000008 E8 [00000000]                   	CALL	_api_putstr0
    20 0000000D 58                              	POP	EAX
    21 0000000E C9                              	LEAVE
    22 0000000F E9 [00000000]                   	JMP	_api_end
